\BOOKMARK [1][-]{section.1}{\376\377\000M\000a\000t\000h}{}% 1
\BOOKMARK [2][-]{subsection.1.1}{\376\377\000m\000a\000t\000r\000i\000z\000F\000i\000b\000o}{section.1}% 2
\BOOKMARK [1][-]{section.2}{\376\377\000U\000l\000t\000i\000m\000o\000s}{}% 3
\BOOKMARK [2][-]{subsection.2.1}{\376\377\000F\000o\000r\000d\000F\000u\000l\000k\000e\000r\000s\000o\000n}{section.2}% 4
\BOOKMARK [2][-]{subsection.2.2}{\376\377\000H\000o\000p\000r\000o\000f\000K\000a\000r\000p}{section.2}% 5
\BOOKMARK [2][-]{subsection.2.3}{\376\377\000c\000e\000n\000t\000r\000o\000i\000d}{section.2}% 6
\BOOKMARK [2][-]{subsection.2.4}{\376\377\000d\000i\000n\000i\000t\000z}{section.2}% 7
\BOOKMARK [2][-]{subsection.2.5}{\376\377\000e\000d\000m\000o\000n\000k\000a\000r\000p}{section.2}% 8
\BOOKMARK [2][-]{subsection.2.6}{\376\377\000e\000x\000t\000e\000n\000d\000e\000d}{section.2}% 9
\BOOKMARK [2][-]{subsection.2.7}{\376\377\000f\000a\000s\000t\000g\000c\000d}{section.2}% 10
\BOOKMARK [2][-]{subsection.2.8}{\376\377\000f\000f\000t}{section.2}% 11
\BOOKMARK [2][-]{subsection.2.9}{\376\377\000g\000a\000u\000s\000s\000\137\000a\000l\000g\000e\000b\000r\000a\000\137\000l\000i\000n\000e\000a\000l}{section.2}% 12
\BOOKMARK [2][-]{subsection.2.10}{\376\377\000g\000e\000o\000m\000e\000t\000r\000y\000n\000o\000t\000e\000s}{section.2}% 13
\BOOKMARK [2][-]{subsection.2.11}{\376\377\000h\000l\000d}{section.2}% 14
\BOOKMARK [2][-]{subsection.2.12}{\376\377\000i\000t\000e\000r\000a\000t\000i\000v\000e\000q\000u\000e\000r\000y\000s\000e\000g\000m\000e\000n\000t}{section.2}% 15
\BOOKMARK [2][-]{subsection.2.13}{\376\377\000k\000h\000u\000n}{section.2}% 16
\BOOKMARK [2][-]{subsection.2.14}{\376\377\000l\000a\000t\000i\000c\000e\000p\000o\000i\000n\000t}{section.2}% 17
\BOOKMARK [2][-]{subsection.2.15}{\376\377\000l\000c\000s}{section.2}% 18
\BOOKMARK [2][-]{subsection.2.16}{\376\377\000l\000i\000n\000e\000a\000r\000s\000i\000e\000v\000e}{section.2}% 19
\BOOKMARK [2][-]{subsection.2.17}{\376\377\000l\000i\000s}{section.2}% 20
\BOOKMARK [2][-]{subsection.2.18}{\376\377\000n\000e\000a\000r\000e\000s\000t\000V\000e\000c\000i\000n\000o}{section.2}% 21
\BOOKMARK [2][-]{subsection.2.19}{\376\377\000p\000o\000i\000n\000t\000i\000n\000t\000p\000o\000l\000i\000g\000o\000n}{section.2}% 22
\BOOKMARK [2][-]{subsection.2.20}{\376\377\000s\000t\000a\000r\000s\000a\000n\000d\000b\000a\000r\000s}{section.2}% 23
\BOOKMARK [2][-]{subsection.2.21}{\376\377\000s\000u\000f\000f\000i\000x\000a\000r\000r\000a\000y}{section.2}% 24
\BOOKMARK [2][-]{subsection.2.22}{\376\377\000t\000r\000i\000e}{section.2}% 25
\BOOKMARK [2][-]{subsection.2.23}{\376\377\000t\000r\000i\000e\0002}{section.2}% 26
\BOOKMARK [2][-]{subsection.2.24}{\376\377\000t\000w\000o\000S\000e\000g\000m\000e\000n\000t\000I\000n\000t\000e\000r\000s\000e\000c}{section.2}% 27
\BOOKMARK [1][-]{section.3}{\376\377\000U\000p\000d\000a\000t\000e\000s}{}% 28
\BOOKMARK [2][-]{subsection.3.1}{\376\377\0002\000-\000s\000a\000t}{section.3}% 29
\BOOKMARK [2][-]{subsection.3.2}{\376\377\000a\000h\000o\000c\000o\000r\000a\000s\000i\000c\000k}{section.3}% 30
\BOOKMARK [2][-]{subsection.3.3}{\376\377\000c\000o\000m\000p\000o\000n\000e\000n\000t\000e\000s\000\137\000f\000u\000e\000r\000t\000e\000m\000e\000n\000t\000e\000\137\000c\000o\000n\000e\000x\000o\000s}{section.3}% 31
\BOOKMARK [2][-]{subsection.3.4}{\376\377\000f\000l\000o\000y\000d\000\137\000w\000a\000r\000s\000h\000a\000l\000l}{section.3}% 32
\BOOKMARK [2][-]{subsection.3.5}{\376\377\000l\000a\000z\000y}{section.3}% 33
\BOOKMARK [1][-]{section.4}{\376\377\000B\000i\000t\000s}{}% 34
\BOOKMARK [2][-]{subsection.4.1}{\376\377\000S\000o\000S\000D\000P}{section.4}% 35
\BOOKMARK [1][-]{section.5}{\376\377\000M\000i\000s\000c\000e\000l\000a\000n\000e\000a}{}% 36
\BOOKMARK [2][-]{subsection.5.1}{\376\377\000P\000l\000a\000n\000t\000i\000l\000l\000a}{section.5}% 37
\BOOKMARK [1][-]{section.6}{\376\377\000D\000a\000t\000a\000s\000t\000r\000u\000c\000t\000u\000r\000e\000s}{}% 38
\BOOKMARK [2][-]{subsection.6.1}{\376\377\000L\000o\000w\000e\000s\000t\000C\000o\000m\000m\000o\000n\000A\000n\000c\000e\000s\000t\000o\000r}{section.6}% 39
\BOOKMARK [2][-]{subsection.6.2}{\376\377\000M\000o}{section.6}% 40
\BOOKMARK [2][-]{subsection.6.3}{\376\377\000Q\000u\000e\000u\000e\000M\000i\000n}{section.6}% 41
\BOOKMARK [2][-]{subsection.6.4}{\376\377\000S\000e\000g\000m\000e\000n\000t\000T\000r\000e\000e}{section.6}% 42
\BOOKMARK [2][-]{subsection.6.5}{\376\377\000S\000p\000a\000r\000s\000e\000T\000a\000b\000l\000e}{section.6}% 43
\BOOKMARK [2][-]{subsection.6.6}{\376\377\000U\000n\000i\000o\000n\000F\000i\000n\000d}{section.6}% 44
\BOOKMARK [2][-]{subsection.6.7}{\376\377\000U\000n\000i\000o\000n\000F\000i\000n\000d\0002\000D}{section.6}% 45
\BOOKMARK [2][-]{subsection.6.8}{\376\377\000f\000e\000n\000w\000i\000c\000k\000T\000r\000e\000e}{section.6}% 46
\BOOKMARK [2][-]{subsection.6.9}{\376\377\000s\000q\000r\000t}{section.6}% 47
\BOOKMARK [2][-]{subsection.6.10}{\376\377\000s\000q\000r\000t\000U\000p\000d\000a\000t\000e\000i\000n\000S\000q\000r\000t}{section.6}% 48
\BOOKMARK [1][-]{section.7}{\376\377\000S\000t\000r\000i\000n\000g\000s}{}% 49
\BOOKMARK [2][-]{subsection.7.1}{\376\377\000K\000M\000P}{section.7}% 50
\BOOKMARK [2][-]{subsection.7.2}{\376\377\000h\000a\000s\000h\000i\000n\000g}{section.7}% 51
\BOOKMARK [2][-]{subsection.7.3}{\376\377\000h\000a\000s\000h\000i\000n\000g\0002\000d}{section.7}% 52
\BOOKMARK [2][-]{subsection.7.4}{\376\377\000h\000a\000s\000h\000i\000n\000g\000m\000e\000r\000s\000e\000n\000s\000e}{section.7}% 53
\BOOKMARK [2][-]{subsection.7.5}{\376\377\000m\000a\000n\000a\000c\000h\000e\000r}{section.7}% 54
\BOOKMARK [2][-]{subsection.7.6}{\376\377\000z\000f\000u\000n\000c\000t\000i\000o\000n}{section.7}% 55
\BOOKMARK [1][-]{section.8}{\376\377\000G\000e\000o\000m\000e\000t\000r\000y}{}% 56
\BOOKMARK [2][-]{subsection.8.1}{\376\377\000K\000D\000T\000r\000e\000e}{section.8}% 57
\BOOKMARK [2][-]{subsection.8.2}{\376\377\000P\000o\000i\000n\000t}{section.8}% 58
\BOOKMARK [2][-]{subsection.8.3}{\376\377\000c\000o\000n\000v\000e\000x\000H\000u\000l\000l}{section.8}% 59
\BOOKMARK [2][-]{subsection.8.4}{\376\377\000p\000o\000i\000n\000t\000i\000n\000p\000o\000l\000i\000g\000o\000n}{section.8}% 60
\BOOKMARK [1][-]{section.9}{\376\377\000P\000r\000i\000m\000a\000l\000i\000d\000a\000d}{}% 61
\BOOKMARK [2][-]{subsection.9.1}{\376\377\000R\000a\000b\000i\000n\000M\000i\000l\000l\000e\000r}{section.9}% 62
\BOOKMARK [2][-]{subsection.9.2}{\376\377\000p\000o\000l\000l\000a\000r\000d\000R\000h\000o}{section.9}% 63
\BOOKMARK [1][-]{section.10}{\376\377\000G\000r\000a\000p\000h\000s}{}% 64
\BOOKMARK [2][-]{subsection.10.1}{\376\377\000a\000r\000t\000i\000c\000u\000l\000a\000t\000i\000o\000n\000p\000o\000i\000n\000t}{section.10}% 65
\BOOKMARK [2][-]{subsection.10.2}{\376\377\000b\000r\000i\000d\000g\000e\000s}{section.10}% 66
\BOOKMARK [2][-]{subsection.10.3}{\376\377\000d\000i\000j\000s\000t\000r\000a}{section.10}% 67
\BOOKMARK [2][-]{subsection.10.4}{\376\377\000d\000i\000n\000i\000c}{section.10}% 68
\BOOKMARK [2][-]{subsection.10.5}{\376\377\000e\000u\000l\000e\000r\000i\000a\000n\000p\000a\000t\000h}{section.10}% 69
\BOOKMARK [2][-]{subsection.10.6}{\376\377\000i\000s\000D\000a\000g}{section.10}% 70
\BOOKMARK [2][-]{subsection.10.7}{\376\377\000i\000s\000D\000a\000g\000v\0002}{section.10}% 71
\BOOKMARK [2][-]{subsection.10.8}{\376\377\000k\000h\000u\000n\000M\000a\000x\000b\000i\000p\000a\000r\000t\000i\000t\000e\000M\000a\000t\000c\000h\000i\000n\000g}{section.10}% 72
\BOOKMARK [2][-]{subsection.10.9}{\376\377\000l\000c\000a\000b\000i\000n\000a\000r\000y\000l\000i\000f\000t\000i\000n}{section.10}% 73
\BOOKMARK [2][-]{subsection.10.10}{\376\377\000t\000o\000p\000o\000s\000o\000r\000t}{section.10}% 74
\BOOKMARK [1][-]{section.11}{\376\377\000O\000v\000e\000r\000l\000o\000a\000d\000s}{}% 75
\BOOKMARK [2][-]{subsection.11.1}{\376\377\000p\000q}{section.11}% 76
\BOOKMARK [2][-]{subsection.11.2}{\376\377\000s\000e\000t}{section.11}% 77
\BOOKMARK [1][-]{section.12}{\376\377\000D\000p}{}% 78
\BOOKMARK [2][-]{subsection.12.1}{\376\377\000c\000o\000v\000e\000x\000H\000u\000l\000l\000T\000r\000i\000c\000k}{section.12}% 79
\BOOKMARK [2][-]{subsection.12.2}{\376\377\000l\000i\000s\000t}{section.12}% 80
